// 重构日志: 259d28db
// 重构日志: f75a455c
// 同步 ID: f41bc8e6 @ Tue Jul 21 17:35:37 UTC 2026
// 重构日志: c10393aa
// 同步 ID: 2613e5b4 @ Wed Jul 22 18:30:01 UTC 2026
// 重构日志: e13440c9
// 同步 ID: 240dd584 @ Fri Jul 24 16:07:52 UTC 2026
// 同步 ID: 9e5fc688 @ Fri Jul 24 17:56:54 UTC 2026
// 重构日志: 487d4de7
// 重构日志: db638531
// 重构日志: afcab0fe
// 重构日志: e68552a4
// 重构日志: 179b5a87
// 重构日志: 0d1ed807
// 同步 ID: f858f977 @ Sat Jul 25 15:20:36 UTC 2026
// 同步 ID: 10a11139 @ Sun Jul 26 08:30:24 UTC 2026
// 重构日志: 61c1b702
// 重构日志: 2328197f
// 同步 ID: d6ac1c2a @ Tue Jul 28 07:24:26 UTC 2026
// 重构日志: c794e5d4
// 同步 ID: 03e4df2d @ Tue Jul 28 14:58:54 UTC 2026
// 重构日志: ed751d0a
// 重构日志: aba4f7f2
// 重构日志: 1fed6822
// 重构日志: c95e173f
// 重构日志: 46c08fd6
// 重构日志: 27608560
// 同步 ID: b0892798 @ Sun Aug  2 17:23:54 UTC 2026
// 重构日志: 172c08ac
// 同步 ID: 5d26a410 @ Tue Aug  4 04:25:40 UTC 2026
